2025-12-15 14:18:28,397 | INFO | Logger initialized. Writing to: ckpts/train_20251215-141828/train_20251215-141828.log
2025-12-15 14:18:28,398 | INFO | Run dir: ckpts/train_20251215-141828
2025-12-15 14:18:28,398 | INFO | Train NPZ: data/liche/train/train.npz
2025-12-15 14:18:28,398 | INFO | Val   NPZ: data/liche/val/val.npz
2025-12-15 14:18:28,458 | INFO | Device: cuda
2025-12-15 14:18:31,480 | INFO | Weights: LossWeights(lambda_path_max=1.0, lambda_cons=0.1, w_rank=0.3, w_udist=1.0, w_uniform=0.0)
2025-12-15 14:18:31,480 | INFO | Best model is selected by val_score with FIXED lambda_path=1.0 (not affected by warmup).
2025-12-15 14:18:47,653 | INFO | [000] train(score=0.4988, lambda_path=0.10) cls=0.4054 path_bce=0.3861 udist=0.3403 rank=0.6932 uni=0.0000 cons=0.0004 acc=0.844 | val(score=1.3186, lambda_path=1.00) acc=0.855
2025-12-15 14:18:49,003 | INFO | [zero] all : GT==0=0.852 | Pred<0.01=0.000
2025-12-15 14:18:49,004 | INFO | [zero] free: GT==0=0.827 | Pred<0.01=0.000
2025-12-15 14:18:49,004 | INFO | [zero] coll: GT==0=1.000 | Pred<0.01=0.000
2025-12-15 14:18:49,004 | INFO | [nz-det] free, thr=0.050: precision=0.168 recall=1.000 (tp=114690, fp=568949, fn=0)
2025-12-15 14:18:49,005 | INFO | [hist] bins: [(0.05000000074505806, 0.10000000149011612), (0.10000000149011612, 0.30000001192092896), (0.30000001192092896, 0.5), (0.5, 0.6000000238418579), (0.6000000238418579, 0.699999988079071), (0.699999988079071, 0.800000011920929), (0.800000011920929, 0.8999999761581421), (0.8999999761581421, 1.0000009536743164)]
2025-12-15 14:18:49,005 | INFO | [hist] GT  : ['0.039', '0.185', '0.211', '0.111', '0.112', '0.114', '0.114', '0.114']
2025-12-15 14:18:49,005 | INFO | [hist] Pred: ['0.000', '0.854', '0.146', '0.000', '0.000', '0.000', '0.000', '0.000']
2025-12-15 14:18:49,042 | INFO |   -> saved ckpts/train_20251215-141828/best.pt (best_val_score=1.318594)
2025-12-15 14:19:04,578 | INFO | [001] train(score=0.5485, lambda_path=0.20) cls=0.3690 path_bce=0.3570 udist=0.3331 rank=0.6919 uni=0.0000 cons=0.0000 acc=0.849 | val(score=1.2341, lambda_path=1.00) acc=0.850
2025-12-15 14:19:04,596 | INFO |   -> saved ckpts/train_20251215-141828/best.pt (best_val_score=1.234114)
2025-12-15 14:19:20,029 | INFO | [002] train(score=0.5845, lambda_path=0.30) cls=0.3217 path_bce=0.3437 udist=0.3250 rank=0.6907 uni=0.0000 cons=0.0000 acc=0.858 | val(score=1.1826, lambda_path=1.00) acc=0.865
2025-12-15 14:19:20,056 | INFO |   -> saved ckpts/train_20251215-141828/best.pt (best_val_score=1.182586)
2025-12-15 14:19:35,690 | INFO | [003] train(score=0.6474, lambda_path=0.40) cls=0.3010 path_bce=0.3373 udist=0.3217 rank=0.6899 uni=0.0000 cons=0.0000 acc=0.866 | val(score=1.1502, lambda_path=1.00) acc=0.874
2025-12-15 14:19:35,709 | INFO |   -> saved ckpts/train_20251215-141828/best.pt (best_val_score=1.150246)
2025-12-15 14:19:50,978 | INFO | [004] train(score=0.7129, lambda_path=0.50) cls=0.2862 path_bce=0.3303 udist=0.3164 rank=0.6889 uni=0.0000 cons=0.0001 acc=0.873 | val(score=1.1562, lambda_path=1.00) acc=0.870
2025-12-15 14:20:06,521 | INFO | [005] train(score=0.7807, lambda_path=0.60) cls=0.2747 path_bce=0.3252 udist=0.3119 rank=0.6875 uni=0.0000 cons=0.0002 acc=0.878 | val(score=1.1195, lambda_path=1.00) acc=0.878
2025-12-15 14:20:07,840 | INFO | [zero] all : GT==0=0.852 | Pred<0.01=0.015
2025-12-15 14:20:07,841 | INFO | [zero] free: GT==0=0.827 | Pred<0.01=0.011
2025-12-15 14:20:07,841 | INFO | [zero] coll: GT==0=1.000 | Pred<0.01=0.035
2025-12-15 14:20:07,841 | INFO | [nz-det] free, thr=0.050: precision=0.196 recall=0.954 (tp=109380, fp=449108, fn=5310)
2025-12-15 14:20:07,842 | INFO | [hist] bins: [(0.05000000074505806, 0.10000000149011612), (0.10000000149011612, 0.30000001192092896), (0.30000001192092896, 0.5), (0.5, 0.6000000238418579), (0.6000000238418579, 0.699999988079071), (0.699999988079071, 0.800000011920929), (0.800000011920929, 0.8999999761581421), (0.8999999761581421, 1.0000009536743164)]
2025-12-15 14:20:07,842 | INFO | [hist] GT  : ['0.039', '0.185', '0.211', '0.111', '0.112', '0.114', '0.114', '0.114']
2025-12-15 14:20:07,842 | INFO | [hist] Pred: ['0.131', '0.434', '0.321', '0.104', '0.010', '0.000', '0.000', '0.000']
2025-12-15 14:20:07,878 | INFO |   -> saved ckpts/train_20251215-141828/best.pt (best_val_score=1.119478)
2025-12-15 14:20:23,486 | INFO | [006] train(score=0.8537, lambda_path=0.70) cls=0.2673 path_bce=0.3223 udist=0.3094 rank=0.6869 uni=0.0000 cons=0.0003 acc=0.881 | val(score=1.1067, lambda_path=1.00) acc=0.879
2025-12-15 14:20:23,505 | INFO |   -> saved ckpts/train_20251215-141828/best.pt (best_val_score=1.106709)
2025-12-15 14:20:38,519 | INFO | [007] train(score=0.9265, lambda_path=0.80) cls=0.2613 path_bce=0.3186 udist=0.3070 rank=0.6864 uni=0.0000 cons=0.0004 acc=0.884 | val(score=1.1157, lambda_path=1.00) acc=0.879
2025-12-15 14:20:53,956 | INFO | [008] train(score=0.9882, lambda_path=0.90) cls=0.2598 path_bce=0.3057 udist=0.2979 rank=0.6856 uni=0.0000 cons=0.0006 acc=0.886 | val(score=1.0459, lambda_path=1.00) acc=0.879
2025-12-15 14:20:53,979 | INFO |   -> saved ckpts/train_20251215-141828/best.pt (best_val_score=1.045884)
2025-12-15 14:21:10,089 | INFO | [009] train(score=0.9967, lambda_path=1.00) cls=0.2607 path_bce=0.2616 udist=0.2704 rank=0.6801 uni=0.0000 cons=0.0006 acc=0.886 | val(score=0.9266, lambda_path=1.00) acc=0.875
2025-12-15 14:21:10,108 | INFO |   -> saved ckpts/train_20251215-141828/best.pt (best_val_score=0.926587)
2025-12-15 14:21:24,908 | INFO | [010] train(score=0.8804, lambda_path=1.00) cls=0.2561 path_bce=0.1979 udist=0.2269 rank=0.6645 uni=0.0000 cons=0.0009 acc=0.888 | val(score=0.8059, lambda_path=1.00) acc=0.887
2025-12-15 14:21:26,307 | INFO | [zero] all : GT==0=0.852 | Pred<0.01=0.560
2025-12-15 14:21:26,307 | INFO | [zero] free: GT==0=0.827 | Pred<0.01=0.563
2025-12-15 14:21:26,307 | INFO | [zero] coll: GT==0=1.000 | Pred<0.01=0.544
2025-12-15 14:21:26,307 | INFO | [nz-det] free, thr=0.050: precision=0.549 recall=0.976 (tp=111949, fp=91867, fn=2741)
2025-12-15 14:21:26,308 | INFO | [hist] bins: [(0.05000000074505806, 0.10000000149011612), (0.10000000149011612, 0.30000001192092896), (0.30000001192092896, 0.5), (0.5, 0.6000000238418579), (0.6000000238418579, 0.699999988079071), (0.699999988079071, 0.800000011920929), (0.800000011920929, 0.8999999761581421), (0.8999999761581421, 1.0000009536743164)]
2025-12-15 14:21:26,308 | INFO | [hist] GT  : ['0.039', '0.185', '0.211', '0.111', '0.112', '0.114', '0.114', '0.114']
2025-12-15 14:21:26,308 | INFO | [hist] Pred: ['0.039', '0.072', '0.164', '0.181', '0.359', '0.185', '0.000', '0.000']
2025-12-15 14:21:26,348 | INFO |   -> saved ckpts/train_20251215-141828/best.pt (best_val_score=0.805924)
2025-12-15 14:21:41,788 | INFO | [011] train(score=0.8126, lambda_path=1.00) cls=0.2521 path_bce=0.1642 udist=0.2010 rank=0.6503 uni=0.0000 cons=0.0009 acc=0.891 | val(score=0.7810, lambda_path=1.00) acc=0.881
2025-12-15 14:21:41,821 | INFO |   -> saved ckpts/train_20251215-141828/best.pt (best_val_score=0.780969)
2025-12-15 14:21:57,070 | INFO | [012] train(score=0.7741, lambda_path=1.00) cls=0.2444 path_bce=0.1486 udist=0.1882 rank=0.6426 uni=0.0000 cons=0.0008 acc=0.893 | val(score=0.7497, lambda_path=1.00) acc=0.888
2025-12-15 14:21:57,092 | INFO |   -> saved ckpts/train_20251215-141828/best.pt (best_val_score=0.749741)
2025-12-15 14:22:12,526 | INFO | [013] train(score=0.7524, lambda_path=1.00) cls=0.2429 path_bce=0.1383 udist=0.1798 rank=0.6376 uni=0.0000 cons=0.0007 acc=0.894 | val(score=0.7430, lambda_path=1.00) acc=0.886
2025-12-15 14:22:12,544 | INFO |   -> saved ckpts/train_20251215-141828/best.pt (best_val_score=0.743011)
2025-12-15 14:22:28,152 | INFO | [014] train(score=0.7328, lambda_path=1.00) cls=0.2363 path_bce=0.1328 udist=0.1738 rank=0.6327 uni=0.0000 cons=0.0007 acc=0.897 | val(score=0.7075, lambda_path=1.00) acc=0.888
2025-12-15 14:22:28,179 | INFO |   -> saved ckpts/train_20251215-141828/best.pt (best_val_score=0.707495)
2025-12-15 14:22:44,716 | INFO | [015] train(score=0.7219, lambda_path=1.00) cls=0.2335 path_bce=0.1303 udist=0.1693 rank=0.6292 uni=0.0000 cons=0.0007 acc=0.898 | val(score=0.6941, lambda_path=1.00) acc=0.890
2025-12-15 14:22:46,043 | INFO | [zero] all : GT==0=0.852 | Pred<0.01=0.766
2025-12-15 14:22:46,043 | INFO | [zero] free: GT==0=0.827 | Pred<0.01=0.758
2025-12-15 14:22:46,043 | INFO | [zero] coll: GT==0=1.000 | Pred<0.01=0.816
2025-12-15 14:22:46,044 | INFO | [nz-det] free, thr=0.050: precision=0.819 recall=0.980 (tp=112434, fp=24916, fn=2256)
2025-12-15 14:22:46,044 | INFO | [hist] bins: [(0.05000000074505806, 0.10000000149011612), (0.10000000149011612, 0.30000001192092896), (0.30000001192092896, 0.5), (0.5, 0.6000000238418579), (0.6000000238418579, 0.699999988079071), (0.699999988079071, 0.800000011920929), (0.800000011920929, 0.8999999761581421), (0.8999999761581421, 1.0000009536743164)]
2025-12-15 14:22:46,045 | INFO | [hist] GT  : ['0.039', '0.185', '0.211', '0.111', '0.112', '0.114', '0.114', '0.114']
2025-12-15 14:22:46,045 | INFO | [hist] Pred: ['0.032', '0.103', '0.171', '0.115', '0.169', '0.275', '0.135', '0.000']
2025-12-15 14:22:46,084 | INFO |   -> saved ckpts/train_20251215-141828/best.pt (best_val_score=0.694100)
2025-12-15 14:23:01,647 | INFO | [016] train(score=0.7123, lambda_path=1.00) cls=0.2306 path_bce=0.1284 udist=0.1653 rank=0.6262 uni=0.0000 cons=0.0007 acc=0.899 | val(score=0.7012, lambda_path=1.00) acc=0.878
2025-12-15 14:23:17,184 | INFO | [017] train(score=0.7049, lambda_path=1.00) cls=0.2276 path_bce=0.1272 udist=0.1628 rank=0.6242 uni=0.0000 cons=0.0007 acc=0.901 | val(score=0.7044, lambda_path=1.00) acc=0.882
2025-12-15 14:23:33,306 | INFO | [018] train(score=0.6992, lambda_path=1.00) cls=0.2255 path_bce=0.1263 udist=0.1606 rank=0.6223 uni=0.0000 cons=0.0007 acc=0.902 | val(score=0.6868, lambda_path=1.00) acc=0.887
2025-12-15 14:23:33,326 | INFO |   -> saved ckpts/train_20251215-141828/best.pt (best_val_score=0.686821)
2025-12-15 14:23:48,938 | INFO | [019] train(score=0.6933, lambda_path=1.00) cls=0.2225 path_bce=0.1255 udist=0.1589 rank=0.6209 uni=0.0000 cons=0.0008 acc=0.903 | val(score=0.6875, lambda_path=1.00) acc=0.887
2025-12-15 14:24:04,328 | INFO | [020] train(score=0.6868, lambda_path=1.00) cls=0.2191 path_bce=0.1247 udist=0.1571 rank=0.6196 uni=0.0000 cons=0.0008 acc=0.905 | val(score=0.6781, lambda_path=1.00) acc=0.889
2025-12-15 14:24:05,715 | INFO | [zero] all : GT==0=0.852 | Pred<0.01=0.780
2025-12-15 14:24:05,715 | INFO | [zero] free: GT==0=0.827 | Pred<0.01=0.766
2025-12-15 14:24:05,715 | INFO | [zero] coll: GT==0=1.000 | Pred<0.01=0.865
2025-12-15 14:24:05,715 | INFO | [nz-det] free, thr=0.050: precision=0.835 recall=0.983 (tp=112738, fp=22332, fn=1952)
2025-12-15 14:24:05,716 | INFO | [hist] bins: [(0.05000000074505806, 0.10000000149011612), (0.10000000149011612, 0.30000001192092896), (0.30000001192092896, 0.5), (0.5, 0.6000000238418579), (0.6000000238418579, 0.699999988079071), (0.699999988079071, 0.800000011920929), (0.800000011920929, 0.8999999761581421), (0.8999999761581421, 1.0000009536743164)]
2025-12-15 14:24:05,716 | INFO | [hist] GT  : ['0.039', '0.185', '0.211', '0.111', '0.112', '0.114', '0.114', '0.114']
2025-12-15 14:24:05,716 | INFO | [hist] Pred: ['0.028', '0.122', '0.191', '0.115', '0.174', '0.268', '0.102', '0.000']
2025-12-15 14:24:05,753 | INFO |   -> saved ckpts/train_20251215-141828/best.pt (best_val_score=0.678061)
2025-12-15 14:24:21,747 | INFO | [021] train(score=0.6843, lambda_path=1.00) cls=0.2189 path_bce=0.1241 udist=0.1556 rank=0.6186 uni=0.0000 cons=0.0008 acc=0.905 | val(score=0.6765, lambda_path=1.00) acc=0.889
2025-12-15 14:24:21,767 | INFO |   -> saved ckpts/train_20251215-141828/best.pt (best_val_score=0.676487)
2025-12-15 14:24:37,174 | INFO | [022] train(score=0.6780, lambda_path=1.00) cls=0.2146 path_bce=0.1236 udist=0.1544 rank=0.6176 uni=0.0000 cons=0.0008 acc=0.907 | val(score=0.6803, lambda_path=1.00) acc=0.891
2025-12-15 14:24:52,654 | INFO | [023] train(score=0.6748, lambda_path=1.00) cls=0.2137 path_bce=0.1230 udist=0.1530 rank=0.6167 uni=0.0000 cons=0.0008 acc=0.907 | val(score=0.6868, lambda_path=1.00) acc=0.888
2025-12-15 14:25:08,454 | INFO | [024] train(score=0.6712, lambda_path=1.00) cls=0.2119 path_bce=0.1226 udist=0.1519 rank=0.6157 uni=0.0000 cons=0.0009 acc=0.908 | val(score=0.6858, lambda_path=1.00) acc=0.886
2025-12-15 14:25:24,381 | INFO | [025] train(score=0.6705, lambda_path=1.00) cls=0.2123 path_bce=0.1223 udist=0.1512 rank=0.6153 uni=0.0000 cons=0.0008 acc=0.908 | val(score=0.6754, lambda_path=1.00) acc=0.890
2025-12-15 14:25:25,676 | INFO | [zero] all : GT==0=0.852 | Pred<0.01=0.798
2025-12-15 14:25:25,676 | INFO | [zero] free: GT==0=0.827 | Pred<0.01=0.784
2025-12-15 14:25:25,676 | INFO | [zero] coll: GT==0=1.000 | Pred<0.01=0.881
2025-12-15 14:25:25,676 | INFO | [nz-det] free, thr=0.050: precision=0.869 recall=0.979 (tp=112241, fp=16984, fn=2449)
2025-12-15 14:25:25,677 | INFO | [hist] bins: [(0.05000000074505806, 0.10000000149011612), (0.10000000149011612, 0.30000001192092896), (0.30000001192092896, 0.5), (0.5, 0.6000000238418579), (0.6000000238418579, 0.699999988079071), (0.699999988079071, 0.800000011920929), (0.800000011920929, 0.8999999761581421), (0.8999999761581421, 1.0000009536743164)]
2025-12-15 14:25:25,677 | INFO | [hist] GT  : ['0.039', '0.185', '0.211', '0.111', '0.112', '0.114', '0.114', '0.114']
2025-12-15 14:25:25,677 | INFO | [hist] Pred: ['0.036', '0.157', '0.192', '0.108', '0.154', '0.238', '0.116', '0.000']
2025-12-15 14:25:25,697 | INFO |   -> saved ckpts/train_20251215-141828/best.pt (best_val_score=0.675442)
2025-12-15 14:25:41,267 | INFO | [026] train(score=0.6652, lambda_path=1.00) cls=0.2095 path_bce=0.1218 udist=0.1497 rank=0.6139 uni=0.0000 cons=0.0008 acc=0.909 | val(score=0.6692, lambda_path=1.00) acc=0.890
2025-12-15 14:25:41,291 | INFO |   -> saved ckpts/train_20251215-141828/best.pt (best_val_score=0.669210)
2025-12-15 14:25:56,668 | INFO | [027] train(score=0.6629, lambda_path=1.00) cls=0.2081 path_bce=0.1215 udist=0.1491 rank=0.6137 uni=0.0000 cons=0.0009 acc=0.910 | val(score=0.6599, lambda_path=1.00) acc=0.889
2025-12-15 14:25:56,696 | INFO |   -> saved ckpts/train_20251215-141828/best.pt (best_val_score=0.659937)
2025-12-15 14:26:12,214 | INFO | [028] train(score=0.6601, lambda_path=1.00) cls=0.2072 path_bce=0.1211 udist=0.1479 rank=0.6128 uni=0.0000 cons=0.0009 acc=0.910 | val(score=0.6779, lambda_path=1.00) acc=0.890
2025-12-15 14:26:29,708 | INFO | [029] train(score=0.6567, lambda_path=1.00) cls=0.2051 path_bce=0.1207 udist=0.1472 rank=0.6122 uni=0.0000 cons=0.0009 acc=0.911 | val(score=0.6655, lambda_path=1.00) acc=0.889
2025-12-15 14:26:45,590 | INFO | [030] train(score=0.6564, lambda_path=1.00) cls=0.2060 path_bce=0.1204 udist=0.1464 rank=0.6116 uni=0.0000 cons=0.0009 acc=0.911 | val(score=0.6784, lambda_path=1.00) acc=0.891
2025-12-15 14:26:47,014 | INFO | [zero] all : GT==0=0.852 | Pred<0.01=0.790
2025-12-15 14:26:47,014 | INFO | [zero] free: GT==0=0.827 | Pred<0.01=0.777
2025-12-15 14:26:47,014 | INFO | [zero] coll: GT==0=1.000 | Pred<0.01=0.867
2025-12-15 14:26:47,014 | INFO | [nz-det] free, thr=0.050: precision=0.854 recall=0.982 (tp=112588, fp=19224, fn=2102)
2025-12-15 14:26:47,015 | INFO | [hist] bins: [(0.05000000074505806, 0.10000000149011612), (0.10000000149011612, 0.30000001192092896), (0.30000001192092896, 0.5), (0.5, 0.6000000238418579), (0.6000000238418579, 0.699999988079071), (0.699999988079071, 0.800000011920929), (0.800000011920929, 0.8999999761581421), (0.8999999761581421, 1.0000009536743164)]
2025-12-15 14:26:47,015 | INFO | [hist] GT  : ['0.039', '0.185', '0.211', '0.111', '0.112', '0.114', '0.114', '0.114']
2025-12-15 14:26:47,015 | INFO | [hist] Pred: ['0.030', '0.140', '0.189', '0.101', '0.139', '0.225', '0.176', '0.001']
2025-12-15 14:27:02,904 | INFO | [031] train(score=0.6540, lambda_path=1.00) cls=0.2051 path_bce=0.1201 udist=0.1455 rank=0.6109 uni=0.0000 cons=0.0009 acc=0.911 | val(score=0.6588, lambda_path=1.00) acc=0.888
2025-12-15 14:27:02,922 | INFO |   -> saved ckpts/train_20251215-141828/best.pt (best_val_score=0.658815)
2025-12-15 14:27:18,756 | INFO | [032] train(score=0.6499, lambda_path=1.00) cls=0.2020 path_bce=0.1198 udist=0.1448 rank=0.6105 uni=0.0000 cons=0.0010 acc=0.913 | val(score=0.6622, lambda_path=1.00) acc=0.889
2025-12-15 14:27:35,158 | INFO | [033] train(score=0.6480, lambda_path=1.00) cls=0.2015 path_bce=0.1195 udist=0.1440 rank=0.6100 uni=0.0000 cons=0.0010 acc=0.913 | val(score=0.6865, lambda_path=1.00) acc=0.892
2025-12-15 14:27:51,007 | INFO | [034] train(score=0.6465, lambda_path=1.00) cls=0.2005 path_bce=0.1194 udist=0.1436 rank=0.6096 uni=0.0000 cons=0.0010 acc=0.914 | val(score=0.6553, lambda_path=1.00) acc=0.889
2025-12-15 14:27:51,025 | INFO |   -> saved ckpts/train_20251215-141828/best.pt (best_val_score=0.655303)
2025-12-15 14:28:07,027 | INFO | [035] train(score=0.6435, lambda_path=1.00) cls=0.1999 path_bce=0.1188 udist=0.1422 rank=0.6086 uni=0.0000 cons=0.0010 acc=0.914 | val(score=0.6665, lambda_path=1.00) acc=0.882
2025-12-15 14:28:08,504 | INFO | [zero] all : GT==0=0.852 | Pred<0.01=0.787
2025-12-15 14:28:08,504 | INFO | [zero] free: GT==0=0.827 | Pred<0.01=0.773
2025-12-15 14:28:08,504 | INFO | [zero] coll: GT==0=1.000 | Pred<0.01=0.869
2025-12-15 14:28:08,504 | INFO | [nz-det] free, thr=0.050: precision=0.853 recall=0.984 (tp=112910, fp=19501, fn=1780)
2025-12-15 14:28:08,505 | INFO | [hist] bins: [(0.05000000074505806, 0.10000000149011612), (0.10000000149011612, 0.30000001192092896), (0.30000001192092896, 0.5), (0.5, 0.6000000238418579), (0.6000000238418579, 0.699999988079071), (0.699999988079071, 0.800000011920929), (0.800000011920929, 0.8999999761581421), (0.8999999761581421, 1.0000009536743164)]
2025-12-15 14:28:08,505 | INFO | [hist] GT  : ['0.039', '0.185', '0.211', '0.111', '0.112', '0.114', '0.114', '0.114']
2025-12-15 14:28:08,505 | INFO | [hist] Pred: ['0.027', '0.156', '0.194', '0.102', '0.142', '0.222', '0.156', '0.000']
2025-12-15 14:28:23,928 | INFO | [036] train(score=0.6422, lambda_path=1.00) cls=0.1990 path_bce=0.1187 udist=0.1419 rank=0.6084 uni=0.0000 cons=0.0010 acc=0.914 | val(score=0.6616, lambda_path=1.00) acc=0.885
2025-12-15 14:28:40,338 | INFO | [037] train(score=0.6403, lambda_path=1.00) cls=0.1982 path_bce=0.1184 udist=0.1412 rank=0.6080 uni=0.0000 cons=0.0010 acc=0.915 | val(score=0.6802, lambda_path=1.00) acc=0.891
2025-12-15 14:28:55,948 | INFO | [038] train(score=0.6376, lambda_path=1.00) cls=0.1966 path_bce=0.1181 udist=0.1406 rank=0.6074 uni=0.0000 cons=0.0010 acc=0.915 | val(score=0.6611, lambda_path=1.00) acc=0.889
2025-12-15 14:29:11,722 | INFO | [039] train(score=0.6357, lambda_path=1.00) cls=0.1952 path_bce=0.1181 udist=0.1401 rank=0.6071 uni=0.0000 cons=0.0010 acc=0.916 | val(score=0.6767, lambda_path=1.00) acc=0.890
2025-12-15 14:29:27,697 | INFO | [040] train(score=0.6353, lambda_path=1.00) cls=0.1958 path_bce=0.1178 udist=0.1396 rank=0.6067 uni=0.0000 cons=0.0010 acc=0.916 | val(score=0.6703, lambda_path=1.00) acc=0.886
2025-12-15 14:29:29,123 | INFO | [zero] all : GT==0=0.852 | Pred<0.01=0.789
2025-12-15 14:29:29,123 | INFO | [zero] free: GT==0=0.827 | Pred<0.01=0.775
2025-12-15 14:29:29,123 | INFO | [zero] coll: GT==0=1.000 | Pred<0.01=0.871
2025-12-15 14:29:29,123 | INFO | [nz-det] free, thr=0.050: precision=0.858 recall=0.984 (tp=112850, fp=18681, fn=1840)
2025-12-15 14:29:29,124 | INFO | [hist] bins: [(0.05000000074505806, 0.10000000149011612), (0.10000000149011612, 0.30000001192092896), (0.30000001192092896, 0.5), (0.5, 0.6000000238418579), (0.6000000238418579, 0.699999988079071), (0.699999988079071, 0.800000011920929), (0.800000011920929, 0.8999999761581421), (0.8999999761581421, 1.0000009536743164)]
2025-12-15 14:29:29,124 | INFO | [hist] GT  : ['0.039', '0.185', '0.211', '0.111', '0.112', '0.114', '0.114', '0.114']
2025-12-15 14:29:29,124 | INFO | [hist] Pred: ['0.029', '0.160', '0.191', '0.102', '0.137', '0.205', '0.175', '0.001']
2025-12-15 14:29:44,803 | INFO | [041] train(score=0.6315, lambda_path=1.00) cls=0.1931 path_bce=0.1176 udist=0.1388 rank=0.6061 uni=0.0000 cons=0.0011 acc=0.917 | val(score=0.6785, lambda_path=1.00) acc=0.879
2025-12-15 14:30:00,806 | INFO | [042] train(score=0.6284, lambda_path=1.00) cls=0.1910 path_bce=0.1174 udist=0.1382 rank=0.6058 uni=0.0000 cons=0.0011 acc=0.918 | val(score=0.7080, lambda_path=1.00) acc=0.889
2025-12-15 14:30:16,481 | INFO | [043] train(score=0.6277, lambda_path=1.00) cls=0.1915 path_bce=0.1171 udist=0.1375 rank=0.6053 uni=0.0000 cons=0.0010 acc=0.918 | val(score=0.6772, lambda_path=1.00) acc=0.892
2025-12-15 14:30:32,624 | INFO | [044] train(score=0.6266, lambda_path=1.00) cls=0.1907 path_bce=0.1171 udist=0.1372 rank=0.6051 uni=0.0000 cons=0.0011 acc=0.918 | val(score=0.6700, lambda_path=1.00) acc=0.892
2025-12-15 14:30:48,493 | INFO | [045] train(score=0.6247, lambda_path=1.00) cls=0.1897 path_bce=0.1168 udist=0.1367 rank=0.6045 uni=0.0000 cons=0.0011 acc=0.918 | val(score=0.6570, lambda_path=1.00) acc=0.887
2025-12-15 14:30:49,890 | INFO | [zero] all : GT==0=0.852 | Pred<0.01=0.789
2025-12-15 14:30:49,890 | INFO | [zero] free: GT==0=0.827 | Pred<0.01=0.774
2025-12-15 14:30:49,890 | INFO | [zero] coll: GT==0=1.000 | Pred<0.01=0.872
2025-12-15 14:30:49,890 | INFO | [nz-det] free, thr=0.050: precision=0.853 recall=0.985 (tp=112919, fp=19400, fn=1771)
2025-12-15 14:30:49,891 | INFO | [hist] bins: [(0.05000000074505806, 0.10000000149011612), (0.10000000149011612, 0.30000001192092896), (0.30000001192092896, 0.5), (0.5, 0.6000000238418579), (0.6000000238418579, 0.699999988079071), (0.699999988079071, 0.800000011920929), (0.800000011920929, 0.8999999761581421), (0.8999999761581421, 1.0000009536743164)]
2025-12-15 14:30:49,891 | INFO | [hist] GT  : ['0.039', '0.185', '0.211', '0.111', '0.112', '0.114', '0.114', '0.114']
2025-12-15 14:30:49,891 | INFO | [hist] Pred: ['0.027', '0.151', '0.192', '0.095', '0.122', '0.195', '0.216', '0.002']
2025-12-15 14:31:06,381 | INFO | [046] train(score=0.6225, lambda_path=1.00) cls=0.1886 path_bce=0.1167 udist=0.1360 rank=0.6040 uni=0.0000 cons=0.0011 acc=0.919 | val(score=0.6655, lambda_path=1.00) acc=0.886
2025-12-15 14:31:22,246 | INFO | [047] train(score=0.6224, lambda_path=1.00) cls=0.1894 path_bce=0.1164 udist=0.1354 rank=0.6039 uni=0.0000 cons=0.0011 acc=0.918 | val(score=0.6653, lambda_path=1.00) acc=0.888
2025-12-15 14:31:38,357 | INFO | [048] train(score=0.6219, lambda_path=1.00) cls=0.1890 path_bce=0.1164 udist=0.1353 rank=0.6037 uni=0.0000 cons=0.0011 acc=0.919 | val(score=0.6560, lambda_path=1.00) acc=0.892
2025-12-15 14:31:55,171 | INFO | [049] train(score=0.6206, lambda_path=1.00) cls=0.1887 path_bce=0.1162 udist=0.1346 rank=0.6031 uni=0.0000 cons=0.0011 acc=0.919 | val(score=0.6510, lambda_path=1.00) acc=0.887
2025-12-15 14:31:55,261 | INFO |   -> saved ckpts/train_20251215-141828/best.pt (best_val_score=0.650981)
2025-12-15 14:31:55,261 | INFO | done.
