2025-12-15 13:23:46,761 | INFO | Logger initialized. Writing to: ckpts/train_20251215-132346/train_20251215-132346.log
2025-12-15 13:23:46,761 | INFO | Run dir: ckpts/train_20251215-132346
2025-12-15 13:23:46,761 | INFO | Train NPZ: data/liche/train/train.npz
2025-12-15 13:23:46,761 | INFO | Val   NPZ: data/liche/val/val.npz
2025-12-15 13:23:46,813 | INFO | Device: cuda
2025-12-15 13:24:06,480 | INFO | [000] train loss=0.4987 cls=0.4043 path_bce=0.3702 udist=0.3512 rank=0.6932 over=0.0405 uni=0.0867 cons=0.0000 acc=0.848 | val loss=0.4819 acc=0.855
2025-12-15 13:24:07,787 | INFO |   [hist] bins: [(0.05000000074505806, 0.10000000149011612), (0.10000000149011612, 0.30000001192092896), (0.30000001192092896, 0.5), (0.5, 0.6000000238418579), (0.6000000238418579, 0.699999988079071), (0.699999988079071, 0.800000011920929), (0.800000011920929, 0.8999999761581421), (0.8999999761581421, 1.0000009536743164)]
2025-12-15 13:24:07,787 | INFO |   [hist] GT  : ['0.039', '0.185', '0.211', '0.111', '0.112', '0.114', '0.114', '0.114']
2025-12-15 13:24:07,787 | INFO |   [hist] Pred: ['0.000', '1.000', '0.000', '0.000', '0.000', '0.000', '0.000', '0.000']
2025-12-15 13:24:07,820 | INFO |   -> saved ckpts/train_20251215-132346/best.pt (best_val=0.481905)
2025-12-15 13:24:23,678 | INFO | [001] train loss=0.5501 cls=0.3683 path_bce=0.3461 udist=0.3436 rank=0.6918 over=0.0355 uni=0.0508 cons=0.0000 acc=0.849 | val loss=0.5156 acc=0.857
2025-12-15 13:24:40,825 | INFO | [002] train loss=0.5941 cls=0.3273 path_bce=0.3355 udist=0.3346 rank=0.6907 over=0.0357 uni=0.0382 cons=0.0000 acc=0.857 | val loss=0.5772 acc=0.867
2025-12-15 13:24:57,098 | INFO | [003] train loss=0.6500 cls=0.2989 path_bce=0.3288 udist=0.3305 rank=0.6901 over=0.0346 uni=0.0350 cons=0.0001 acc=0.868 | val loss=0.6367 acc=0.874
2025-12-15 13:25:13,102 | INFO | [004] train loss=0.7129 cls=0.2805 path_bce=0.3221 udist=0.3249 rank=0.6886 over=0.0338 uni=0.0317 cons=0.0001 acc=0.875 | val loss=0.7265 acc=0.876
2025-12-15 13:25:29,356 | INFO | [005] train loss=0.7819 cls=0.2692 path_bce=0.3171 udist=0.3201 rank=0.6875 over=0.0336 uni=0.0285 cons=0.0002 acc=0.881 | val loss=0.7806 acc=0.882
2025-12-15 13:25:30,804 | INFO |   [hist] bins: [(0.05000000074505806, 0.10000000149011612), (0.10000000149011612, 0.30000001192092896), (0.30000001192092896, 0.5), (0.5, 0.6000000238418579), (0.6000000238418579, 0.699999988079071), (0.699999988079071, 0.800000011920929), (0.800000011920929, 0.8999999761581421), (0.8999999761581421, 1.0000009536743164)]
2025-12-15 13:25:30,805 | INFO |   [hist] GT  : ['0.039', '0.185', '0.211', '0.111', '0.112', '0.114', '0.114', '0.114']
2025-12-15 13:25:30,805 | INFO |   [hist] Pred: ['0.106', '0.433', '0.309', '0.134', '0.017', '0.000', '0.000', '0.000']
2025-12-15 13:25:47,408 | INFO | [006] train loss=0.8551 cls=0.2619 path_bce=0.3135 udist=0.3170 rank=0.6868 over=0.0333 uni=0.0273 cons=0.0004 acc=0.884 | val loss=0.8529 acc=0.884
2025-12-15 13:26:04,024 | INFO | [007] train loss=0.9232 cls=0.2557 path_bce=0.3070 udist=0.3107 rank=0.6861 over=0.0330 uni=0.0249 cons=0.0004 acc=0.887 | val loss=0.9165 acc=0.884
2025-12-15 13:26:20,119 | INFO | [008] train loss=0.9702 cls=0.2561 path_bce=0.2842 udist=0.2942 rank=0.6842 over=0.0304 uni=0.0196 cons=0.0006 acc=0.888 | val loss=0.9291 acc=0.882
2025-12-15 13:26:36,136 | INFO | [009] train loss=0.9563 cls=0.2572 path_bce=0.2331 udist=0.2558 rank=0.6745 over=0.0246 uni=0.0135 cons=0.0008 acc=0.887 | val loss=0.8820 acc=0.883
2025-12-15 13:26:52,304 | INFO | [010] train loss=0.8591 cls=0.2528 path_bce=0.1841 udist=0.2187 rank=0.6594 over=0.0175 uni=0.0107 cons=0.0008 acc=0.890 | val loss=0.8010 acc=0.886
2025-12-15 13:26:53,636 | INFO |   [hist] bins: [(0.05000000074505806, 0.10000000149011612), (0.10000000149011612, 0.30000001192092896), (0.30000001192092896, 0.5), (0.5, 0.6000000238418579), (0.6000000238418579, 0.699999988079071), (0.699999988079071, 0.800000011920929), (0.800000011920929, 0.8999999761581421), (0.8999999761581421, 1.0000009536743164)]
2025-12-15 13:26:53,637 | INFO |   [hist] GT  : ['0.039', '0.185', '0.211', '0.111', '0.112', '0.114', '0.114', '0.114']
2025-12-15 13:26:53,637 | INFO |   [hist] Pred: ['0.034', '0.075', '0.173', '0.191', '0.344', '0.181', '0.002', '0.000']
2025-12-15 13:27:10,193 | INFO | [011] train loss=0.7946 cls=0.2452 path_bce=0.1550 udist=0.1960 rank=0.6476 over=0.0123 uni=0.0090 cons=0.0009 acc=0.893 | val loss=0.7582 acc=0.886
2025-12-15 13:27:25,980 | INFO | [012] train loss=0.7690 cls=0.2435 path_bce=0.1438 udist=0.1860 rank=0.6413 over=0.0100 uni=0.0079 cons=0.0008 acc=0.894 | val loss=0.7471 acc=0.890
2025-12-15 13:27:42,588 | INFO | [013] train loss=0.7436 cls=0.2363 path_bce=0.1353 udist=0.1784 rank=0.6363 over=0.0080 uni=0.0071 cons=0.0008 acc=0.897 | val loss=0.7185 acc=0.892
2025-12-15 13:27:58,613 | INFO | [014] train loss=0.7319 cls=0.2361 path_bce=0.1314 udist=0.1725 rank=0.6317 over=0.0070 uni=0.0065 cons=0.0007 acc=0.897 | val loss=0.7274 acc=0.886
2025-12-15 13:28:15,020 | INFO | [015] train loss=0.7189 cls=0.2314 path_bce=0.1289 udist=0.1680 rank=0.6281 over=0.0065 uni=0.0060 cons=0.0007 acc=0.899 | val loss=0.7099 acc=0.889
2025-12-15 13:28:16,494 | INFO |   [hist] bins: [(0.05000000074505806, 0.10000000149011612), (0.10000000149011612, 0.30000001192092896), (0.30000001192092896, 0.5), (0.5, 0.6000000238418579), (0.6000000238418579, 0.699999988079071), (0.699999988079071, 0.800000011920929), (0.800000011920929, 0.8999999761581421), (0.8999999761581421, 1.0000009536743164)]
2025-12-15 13:28:16,495 | INFO |   [hist] GT  : ['0.039', '0.185', '0.211', '0.111', '0.112', '0.114', '0.114', '0.114']
2025-12-15 13:28:16,495 | INFO |   [hist] Pred: ['0.027', '0.107', '0.175', '0.119', '0.174', '0.269', '0.130', '0.000']
2025-12-15 13:28:32,984 | INFO | [016] train loss=0.7116 cls=0.2299 path_bce=0.1275 udist=0.1645 rank=0.6254 over=0.0062 uni=0.0058 cons=0.0008 acc=0.900 | val loss=0.6925 acc=0.888
2025-12-15 13:28:49,231 | INFO | [017] train loss=0.7032 cls=0.2265 path_bce=0.1262 udist=0.1616 rank=0.6231 over=0.0059 uni=0.0056 cons=0.0008 acc=0.901 | val loss=0.6822 acc=0.892
2025-12-15 13:29:05,353 | INFO | [018] train loss=0.6962 cls=0.2238 path_bce=0.1251 udist=0.1591 rank=0.6212 over=0.0056 uni=0.0054 cons=0.0008 acc=0.903 | val loss=0.6964 acc=0.885
2025-12-15 13:29:21,570 | INFO | [019] train loss=0.6924 cls=0.2232 path_bce=0.1243 udist=0.1571 rank=0.6196 over=0.0055 uni=0.0053 cons=0.0007 acc=0.903 | val loss=0.6859 acc=0.887
2025-12-15 13:29:37,773 | INFO | [020] train loss=0.6852 cls=0.2192 path_bce=0.1236 udist=0.1553 rank=0.6181 over=0.0053 uni=0.0052 cons=0.0008 acc=0.905 | val loss=0.6867 acc=0.885
2025-12-15 13:29:39,094 | INFO |   [hist] bins: [(0.05000000074505806, 0.10000000149011612), (0.10000000149011612, 0.30000001192092896), (0.30000001192092896, 0.5), (0.5, 0.6000000238418579), (0.6000000238418579, 0.699999988079071), (0.699999988079071, 0.800000011920929), (0.800000011920929, 0.8999999761581421), (0.8999999761581421, 1.0000009536743164)]
2025-12-15 13:29:39,094 | INFO |   [hist] GT  : ['0.039', '0.185', '0.211', '0.111', '0.112', '0.114', '0.114', '0.114']
2025-12-15 13:29:39,095 | INFO |   [hist] Pred: ['0.020', '0.121', '0.173', '0.102', '0.141', '0.237', '0.205', '0.000']
2025-12-15 13:29:55,871 | INFO | [021] train loss=0.6791 cls=0.2160 path_bce=0.1228 udist=0.1535 rank=0.6166 over=0.0052 uni=0.0051 cons=0.0008 acc=0.906 | val loss=0.6763 acc=0.890
2025-12-15 13:30:12,319 | INFO | [022] train loss=0.6786 cls=0.2175 path_bce=0.1224 udist=0.1523 rank=0.6156 over=0.0051 uni=0.0050 cons=0.0008 acc=0.906 | val loss=0.6789 acc=0.889
2025-12-15 13:30:28,437 | INFO | [023] train loss=0.6740 cls=0.2153 path_bce=0.1218 udist=0.1508 rank=0.6146 over=0.0049 uni=0.0049 cons=0.0008 acc=0.907 | val loss=0.6754 acc=0.892
2025-12-15 13:30:44,598 | INFO | [024] train loss=0.6692 cls=0.2127 path_bce=0.1213 udist=0.1495 rank=0.6135 over=0.0049 uni=0.0049 cons=0.0008 acc=0.908 | val loss=0.7016 acc=0.874
2025-12-15 13:31:01,094 | INFO | [025] train loss=0.6669 cls=0.2122 path_bce=0.1209 udist=0.1483 rank=0.6128 over=0.0048 uni=0.0048 cons=0.0009 acc=0.908 | val loss=0.6588 acc=0.892
2025-12-15 13:31:02,501 | INFO |   [hist] bins: [(0.05000000074505806, 0.10000000149011612), (0.10000000149011612, 0.30000001192092896), (0.30000001192092896, 0.5), (0.5, 0.6000000238418579), (0.6000000238418579, 0.699999988079071), (0.699999988079071, 0.800000011920929), (0.800000011920929, 0.8999999761581421), (0.8999999761581421, 1.0000009536743164)]
2025-12-15 13:31:02,501 | INFO |   [hist] GT  : ['0.039', '0.185', '0.211', '0.111', '0.112', '0.114', '0.114', '0.114']
2025-12-15 13:31:02,501 | INFO |   [hist] Pred: ['0.021', '0.143', '0.184', '0.103', '0.143', '0.229', '0.177', '0.000']
2025-12-15 13:31:18,995 | INFO | [026] train loss=0.6617 cls=0.2092 path_bce=0.1204 udist=0.1470 rank=0.6117 over=0.0047 uni=0.0047 cons=0.0009 acc=0.909 | val loss=0.6571 acc=0.892
2025-12-15 13:31:34,841 | INFO | [027] train loss=0.6591 cls=0.2079 path_bce=0.1201 udist=0.1461 rank=0.6111 over=0.0046 uni=0.0047 cons=0.0009 acc=0.910 | val loss=0.6786 acc=0.887
2025-12-15 13:31:51,555 | INFO | [028] train loss=0.6562 cls=0.2064 path_bce=0.1198 udist=0.1454 rank=0.6103 over=0.0046 uni=0.0047 cons=0.0009 acc=0.911 | val loss=0.6667 acc=0.888
2025-12-15 13:32:08,411 | INFO | [029] train loss=0.6542 cls=0.2057 path_bce=0.1195 udist=0.1445 rank=0.6100 over=0.0045 uni=0.0047 cons=0.0009 acc=0.911 | val loss=0.6676 acc=0.889
2025-12-15 13:32:25,108 | INFO | [030] train loss=0.6519 cls=0.2049 path_bce=0.1192 udist=0.1435 rank=0.6090 over=0.0044 uni=0.0046 cons=0.0009 acc=0.912 | val loss=0.6652 acc=0.891
2025-12-15 13:32:26,415 | INFO |   [hist] bins: [(0.05000000074505806, 0.10000000149011612), (0.10000000149011612, 0.30000001192092896), (0.30000001192092896, 0.5), (0.5, 0.6000000238418579), (0.6000000238418579, 0.699999988079071), (0.699999988079071, 0.800000011920929), (0.800000011920929, 0.8999999761581421), (0.8999999761581421, 1.0000009536743164)]
2025-12-15 13:32:26,416 | INFO |   [hist] GT  : ['0.039', '0.185', '0.211', '0.111', '0.112', '0.114', '0.114', '0.114']
2025-12-15 13:32:26,416 | INFO |   [hist] Pred: ['0.030', '0.157', '0.185', '0.102', '0.132', '0.204', '0.189', '0.002']
2025-12-15 13:32:42,804 | INFO | [031] train loss=0.6489 cls=0.2034 path_bce=0.1188 udist=0.1426 rank=0.6087 over=0.0044 uni=0.0046 cons=0.0009 acc=0.912 | val loss=0.6683 acc=0.887
2025-12-15 13:32:59,279 | INFO | [032] train loss=0.6472 cls=0.2026 path_bce=0.1186 udist=0.1420 rank=0.6081 over=0.0043 uni=0.0045 cons=0.0009 acc=0.913 | val loss=0.6577 acc=0.892
2025-12-15 13:33:15,359 | INFO | [033] train loss=0.6463 cls=0.2024 path_bce=0.1185 udist=0.1416 rank=0.6078 over=0.0043 uni=0.0046 cons=0.0009 acc=0.913 | val loss=0.6828 acc=0.883
2025-12-15 13:33:31,683 | INFO | [034] train loss=0.6433 cls=0.2003 path_bce=0.1183 udist=0.1410 rank=0.6073 over=0.0043 uni=0.0045 cons=0.0009 acc=0.914 | val loss=0.6621 acc=0.892
2025-12-15 13:33:48,321 | INFO | [035] train loss=0.6398 cls=0.1991 path_bce=0.1177 udist=0.1396 rank=0.6063 over=0.0042 uni=0.0045 cons=0.0009 acc=0.914 | val loss=0.6868 acc=0.888
2025-12-15 13:33:49,766 | INFO |   [hist] bins: [(0.05000000074505806, 0.10000000149011612), (0.10000000149011612, 0.30000001192092896), (0.30000001192092896, 0.5), (0.5, 0.6000000238418579), (0.6000000238418579, 0.699999988079071), (0.699999988079071, 0.800000011920929), (0.800000011920929, 0.8999999761581421), (0.8999999761581421, 1.0000009536743164)]
2025-12-15 13:33:49,766 | INFO |   [hist] GT  : ['0.039', '0.185', '0.211', '0.111', '0.112', '0.114', '0.114', '0.114']
2025-12-15 13:33:49,766 | INFO |   [hist] Pred: ['0.026', '0.161', '0.182', '0.095', '0.125', '0.196', '0.212', '0.003']
2025-12-15 13:34:06,219 | INFO | [036] train loss=0.6403 cls=0.1993 path_bce=0.1179 udist=0.1396 rank=0.6063 over=0.0042 uni=0.0045 cons=0.0009 acc=0.914 | val loss=0.6690 acc=0.889
2025-12-15 13:34:23,361 | INFO | [037] train loss=0.6357 cls=0.1962 path_bce=0.1174 udist=0.1388 rank=0.6060 over=0.0041 uni=0.0045 cons=0.0010 acc=0.916 | val loss=0.6719 acc=0.890
2025-12-15 13:34:39,719 | INFO | [038] train loss=0.6351 cls=0.1968 path_bce=0.1172 udist=0.1380 rank=0.6052 over=0.0041 uni=0.0044 cons=0.0010 acc=0.915 | val loss=0.6591 acc=0.888
2025-12-15 13:34:56,449 | INFO | [039] train loss=0.6338 cls=0.1963 path_bce=0.1170 udist=0.1376 rank=0.6049 over=0.0040 uni=0.0044 cons=0.0010 acc=0.915 | val loss=0.6753 acc=0.889
2025-12-15 13:35:12,507 | INFO | [040] train loss=0.6306 cls=0.1941 path_bce=0.1169 udist=0.1368 rank=0.6044 over=0.0040 uni=0.0044 cons=0.0011 acc=0.917 | val loss=0.6632 acc=0.883
2025-12-15 13:35:13,938 | INFO |   [hist] bins: [(0.05000000074505806, 0.10000000149011612), (0.10000000149011612, 0.30000001192092896), (0.30000001192092896, 0.5), (0.5, 0.6000000238418579), (0.6000000238418579, 0.699999988079071), (0.699999988079071, 0.800000011920929), (0.800000011920929, 0.8999999761581421), (0.8999999761581421, 1.0000009536743164)]
2025-12-15 13:35:13,938 | INFO |   [hist] GT  : ['0.039', '0.185', '0.211', '0.111', '0.112', '0.114', '0.114', '0.114']
2025-12-15 13:35:13,938 | INFO |   [hist] Pred: ['0.037', '0.173', '0.190', '0.101', '0.129', '0.194', '0.175', '0.002']
2025-12-15 13:35:30,380 | INFO | [041] train loss=0.6290 cls=0.1930 path_bce=0.1167 udist=0.1365 rank=0.6043 over=0.0040 uni=0.0044 cons=0.0010 acc=0.917 | val loss=0.6805 acc=0.885
2025-12-15 13:35:46,753 | INFO | [042] train loss=0.6288 cls=0.1930 path_bce=0.1168 udist=0.1363 rank=0.6041 over=0.0040 uni=0.0044 cons=0.0010 acc=0.917 | val loss=0.6647 acc=0.893
2025-12-15 13:36:03,131 | INFO | [043] train loss=0.6262 cls=0.1918 path_bce=0.1164 udist=0.1355 rank=0.6036 over=0.0039 uni=0.0044 cons=0.0010 acc=0.917 | val loss=0.6837 acc=0.890
2025-12-15 13:36:19,143 | INFO | [044] train loss=0.6242 cls=0.1908 path_bce=0.1162 udist=0.1349 rank=0.6030 over=0.0039 uni=0.0043 cons=0.0011 acc=0.918 | val loss=0.6695 acc=0.885
2025-12-15 13:36:35,724 | INFO | [045] train loss=0.6217 cls=0.1889 path_bce=0.1161 udist=0.1345 rank=0.6028 over=0.0039 uni=0.0043 cons=0.0010 acc=0.919 | val loss=0.6626 acc=0.890
2025-12-15 13:36:37,036 | INFO |   [hist] bins: [(0.05000000074505806, 0.10000000149011612), (0.10000000149011612, 0.30000001192092896), (0.30000001192092896, 0.5), (0.5, 0.6000000238418579), (0.6000000238418579, 0.699999988079071), (0.699999988079071, 0.800000011920929), (0.800000011920929, 0.8999999761581421), (0.8999999761581421, 1.0000009536743164)]
2025-12-15 13:36:37,037 | INFO |   [hist] GT  : ['0.039', '0.185', '0.211', '0.111', '0.112', '0.114', '0.114', '0.114']
2025-12-15 13:36:37,037 | INFO |   [hist] Pred: ['0.028', '0.168', '0.198', '0.100', '0.127', '0.190', '0.188', '0.002']
2025-12-15 13:36:53,492 | INFO | [046] train loss=0.6226 cls=0.1902 path_bce=0.1160 udist=0.1342 rank=0.6028 over=0.0038 uni=0.0043 cons=0.0010 acc=0.918 | val loss=0.6811 acc=0.883
2025-12-15 13:37:09,472 | INFO | [047] train loss=0.6212 cls=0.1896 path_bce=0.1158 udist=0.1338 rank=0.6021 over=0.0038 uni=0.0043 cons=0.0011 acc=0.919 | val loss=0.6600 acc=0.890
2025-12-15 13:37:24,313 | INFO | [048] train loss=0.6192 cls=0.1880 path_bce=0.1158 udist=0.1334 rank=0.6020 over=0.0038 uni=0.0043 cons=0.0011 acc=0.919 | val loss=0.6865 acc=0.882
2025-12-15 13:37:40,421 | INFO | [049] train loss=0.6181 cls=0.1884 path_bce=0.1154 udist=0.1324 rank=0.6015 over=0.0038 uni=0.0043 cons=0.0011 acc=0.919 | val loss=0.6606 acc=0.890
2025-12-15 13:37:40,421 | INFO | done.
