2025-12-15 14:45:28,564 | INFO | Logger initialized. Writing to: ckpts/train_20251215-144528/train_20251215-144528.log
2025-12-15 14:45:28,564 | INFO | Run dir: ckpts/train_20251215-144528
2025-12-15 14:45:28,564 | INFO | Train NPZ: data/liche/train/train.npz
2025-12-15 14:45:28,564 | INFO | Val   NPZ: data/liche/val/val.npz
2025-12-15 14:45:28,623 | INFO | Device: cuda
2025-12-15 14:45:31,644 | INFO | Weights: LossWeights(lambda_path_max=1.0, lambda_cons=0.1, w_rank=0.3, w_udist=1.0, w_uniform=0.0, w_coll0=0.2)
2025-12-15 14:45:31,644 | INFO | TailCfg : TailCfg(alpha_tail=6.0, gamma_tail=2.0, t_high=0.8, w_under_high=0.8, w_tail_mean=0.3, log_tail_thr=0.9)
2025-12-15 14:45:31,644 | INFO | Best model is selected by val_score with FIXED lambda_path=1.0 (not affected by warmup).
2025-12-15 14:45:49,939 | INFO | [000] train(score=0.6197, lambda_path=0.10) cls=0.4092 path_bce=0.6250 udist=0.3316 rank=0.6928 u=0.0000 cons=0.0005 coll0=0.2372 under=0.4267 tailm=0.4138 acc=0.843 | val(score=1.9189, lambda_path=1.00) acc=0.855
2025-12-15 14:45:51,731 | INFO | [zero] all : GT==0=0.852 | Pred<0.01=0.000
2025-12-15 14:45:51,731 | INFO | [zero] free: GT==0=0.827 | Pred<0.01=0.000
2025-12-15 14:45:51,731 | INFO | [zero] coll: GT==0=1.000 | Pred<0.01=0.000
2025-12-15 14:45:51,731 | INFO | [nz-det] free, thr=0.050: precision=0.169 recall=0.995 (tp=114075, fp=560591, fn=615)
2025-12-15 14:45:51,732 | INFO | [hist] bins: [(0.05000000074505806, 0.10000000149011612), (0.10000000149011612, 0.30000001192092896), (0.30000001192092896, 0.5), (0.5, 0.6000000238418579), (0.6000000238418579, 0.699999988079071), (0.699999988079071, 0.800000011920929), (0.800000011920929, 0.8999999761581421), (0.8999999761581421, 1.0000009536743164)]
2025-12-15 14:45:51,732 | INFO | [hist] GT  : ['0.039', '0.185', '0.211', '0.111', '0.112', '0.114', '0.114', '0.114']
2025-12-15 14:45:51,732 | INFO | [hist] Pred: ['0.059', '0.387', '0.499', '0.055', '0.000', '0.000', '0.000', '0.000']
2025-12-15 14:45:51,732 | INFO | [tail@0.90] mass: GT=0.114 | Pred=0.000
2025-12-15 14:45:51,732 | INFO | [tail@0.90] mean_on_GTtail: GT=0.951 | Pred=0.303
2025-12-15 14:45:51,770 | INFO |   -> saved ckpts/train_20251215-144528/best.pt (best_val_score=1.918935)
2025-12-15 14:46:07,873 | INFO | [001] train(score=0.7149, lambda_path=0.20) cls=0.3748 path_bce=0.5938 udist=0.2775 rank=0.6916 u=0.0000 cons=0.0000 coll0=0.3137 under=0.2867 tailm=0.2628 acc=0.848 | val(score=1.8314, lambda_path=1.00) acc=0.849
2025-12-15 14:46:07,905 | INFO |   -> saved ckpts/train_20251215-144528/best.pt (best_val_score=1.831432)
2025-12-15 14:46:23,429 | INFO | [002] train(score=0.7894, lambda_path=0.30) cls=0.3365 path_bce=0.5967 udist=0.2590 rank=0.6914 u=0.0000 cons=0.0000 coll0=0.3043 under=0.2290 tailm=0.2016 acc=0.854 | val(score=1.6288, lambda_path=1.00) acc=0.864
2025-12-15 14:46:23,449 | INFO |   -> saved ckpts/train_20251215-144528/best.pt (best_val_score=1.628817)
2025-12-15 14:46:40,087 | INFO | [003] train(score=0.8766, lambda_path=0.40) cls=0.3168 path_bce=0.5889 udist=0.2501 rank=0.6896 u=0.0000 cons=0.0000 coll0=0.2907 under=0.1975 tailm=0.1680 acc=0.861 | val(score=1.6759, lambda_path=1.00) acc=0.858
2025-12-15 14:46:56,047 | INFO | [004] train(score=0.9766, lambda_path=0.50) cls=0.3072 path_bce=0.5813 udist=0.2445 rank=0.6879 u=0.0000 cons=0.0001 coll0=0.2918 under=0.1804 tailm=0.1514 acc=0.865 | val(score=1.5597, lambda_path=1.00) acc=0.872
2025-12-15 14:46:56,065 | INFO |   -> saved ckpts/train_20251215-144528/best.pt (best_val_score=1.559705)
2025-12-15 14:47:12,553 | INFO | [005] train(score=1.0746, lambda_path=0.60) cls=0.3016 path_bce=0.5694 udist=0.2420 rank=0.6863 u=0.0000 cons=0.0001 coll0=0.2885 under=0.1674 tailm=0.1368 acc=0.867 | val(score=1.5686, lambda_path=1.00) acc=0.872
2025-12-15 14:47:13,920 | INFO | [zero] all : GT==0=0.852 | Pred<0.01=0.023
2025-12-15 14:47:13,921 | INFO | [zero] free: GT==0=0.827 | Pred<0.01=0.009
2025-12-15 14:47:13,921 | INFO | [zero] coll: GT==0=1.000 | Pred<0.01=0.107
2025-12-15 14:47:13,921 | INFO | [nz-det] free, thr=0.050: precision=0.175 recall=0.991 (tp=113602, fp=533717, fn=1088)
2025-12-15 14:47:13,921 | INFO | [hist] bins: [(0.05000000074505806, 0.10000000149011612), (0.10000000149011612, 0.30000001192092896), (0.30000001192092896, 0.5), (0.5, 0.6000000238418579), (0.6000000238418579, 0.699999988079071), (0.699999988079071, 0.800000011920929), (0.800000011920929, 0.8999999761581421), (0.8999999761581421, 1.0000009536743164)]
2025-12-15 14:47:13,921 | INFO | [hist] GT  : ['0.039', '0.185', '0.211', '0.111', '0.112', '0.114', '0.114', '0.114']
2025-12-15 14:47:13,921 | INFO | [hist] Pred: ['0.024', '0.101', '0.191', '0.183', '0.263', '0.235', '0.004', '0.000']
2025-12-15 14:47:13,921 | INFO | [tail@0.90] mass: GT=0.114 | Pred=0.000
2025-12-15 14:47:13,921 | INFO | [tail@0.90] mean_on_GTtail: GT=0.951 | Pred=0.592
2025-12-15 14:47:29,827 | INFO | [006] train(score=1.1615, lambda_path=0.70) cls=0.2967 path_bce=0.5480 udist=0.2403 rank=0.6849 u=0.0000 cons=0.0002 coll0=0.2808 under=0.1556 tailm=0.1234 acc=0.870 | val(score=1.4346, lambda_path=1.00) acc=0.874
2025-12-15 14:47:29,845 | INFO |   -> saved ckpts/train_20251215-144528/best.pt (best_val_score=1.434557)
2025-12-15 14:47:46,249 | INFO | [007] train(score=1.1845, lambda_path=0.80) cls=0.2980 path_bce=0.4762 udist=0.2372 rank=0.6805 u=0.0000 cons=0.0003 coll0=0.2406 under=0.1281 tailm=0.0936 acc=0.870 | val(score=1.2619, lambda_path=1.00) acc=0.875
2025-12-15 14:47:46,270 | INFO |   -> saved ckpts/train_20251215-144528/best.pt (best_val_score=1.261943)
2025-12-15 14:48:02,733 | INFO | [008] train(score=1.1311, lambda_path=0.90) cls=0.2921 path_bce=0.3796 udist=0.2261 rank=0.6698 u=0.0000 cons=0.0005 coll0=0.1733 under=0.0869 tailm=0.0580 acc=0.872 | val(score=1.0675, lambda_path=1.00) acc=0.880
2025-12-15 14:48:02,759 | INFO |   -> saved ckpts/train_20251215-144528/best.pt (best_val_score=1.067545)
2025-12-15 14:48:18,588 | INFO | [009] train(score=1.1019, lambda_path=1.00) cls=0.2863 path_bce=0.3185 udist=0.2122 rank=0.6576 u=0.0000 cons=0.0006 coll0=0.1325 under=0.0615 tailm=0.0391 acc=0.875 | val(score=1.0176, lambda_path=1.00) acc=0.883
2025-12-15 14:48:18,606 | INFO |   -> saved ckpts/train_20251215-144528/best.pt (best_val_score=1.017620)
2025-12-15 14:48:34,706 | INFO | [010] train(score=1.0292, lambda_path=1.00) cls=0.2786 path_bce=0.2888 udist=0.1985 rank=0.6461 u=0.0000 cons=0.0006 coll0=0.1086 under=0.0485 tailm=0.0297 acc=0.877 | val(score=0.9871, lambda_path=1.00) acc=0.883
2025-12-15 14:48:35,962 | INFO | [zero] all : GT==0=0.852 | Pred<0.01=0.602
2025-12-15 14:48:35,962 | INFO | [zero] free: GT==0=0.827 | Pred<0.01=0.577
2025-12-15 14:48:35,963 | INFO | [zero] coll: GT==0=1.000 | Pred<0.01=0.750
2025-12-15 14:48:35,963 | INFO | [nz-det] free, thr=0.050: precision=0.538 recall=0.987 (tp=113142, fp=97156, fn=1548)
2025-12-15 14:48:35,963 | INFO | [hist] bins: [(0.05000000074505806, 0.10000000149011612), (0.10000000149011612, 0.30000001192092896), (0.30000001192092896, 0.5), (0.5, 0.6000000238418579), (0.6000000238418579, 0.699999988079071), (0.699999988079071, 0.800000011920929), (0.800000011920929, 0.8999999761581421), (0.8999999761581421, 1.0000009536743164)]
2025-12-15 14:48:35,963 | INFO | [hist] GT  : ['0.039', '0.185', '0.211', '0.111', '0.112', '0.114', '0.114', '0.114']
2025-12-15 14:48:35,963 | INFO | [hist] Pred: ['0.021', '0.040', '0.082', '0.078', '0.147', '0.348', '0.284', '0.000']
2025-12-15 14:48:35,963 | INFO | [tail@0.90] mass: GT=0.114 | Pred=0.000
2025-12-15 14:48:35,963 | INFO | [tail@0.90] mean_on_GTtail: GT=0.951 | Pred=0.791
2025-12-15 14:48:35,984 | INFO |   -> saved ckpts/train_20251215-144528/best.pt (best_val_score=0.987123)
2025-12-15 14:48:51,616 | INFO | [011] train(score=0.9962, lambda_path=1.00) cls=0.2721 path_bce=0.2789 udist=0.1907 rank=0.6392 u=0.0000 cons=0.0006 coll0=0.1002 under=0.0437 tailm=0.0256 acc=0.880 | val(score=0.9477, lambda_path=1.00) acc=0.881
2025-12-15 14:48:51,635 | INFO |   -> saved ckpts/train_20251215-144528/best.pt (best_val_score=0.947667)
2025-12-15 14:49:07,206 | INFO | [012] train(score=0.9754, lambda_path=1.00) cls=0.2677 path_bce=0.2731 udist=0.1854 rank=0.6349 u=0.0000 cons=0.0006 coll0=0.0941 under=0.0411 tailm=0.0234 acc=0.882 | val(score=0.9098, lambda_path=1.00) acc=0.885
2025-12-15 14:49:07,234 | INFO |   -> saved ckpts/train_20251215-144528/best.pt (best_val_score=0.909805)
2025-12-15 14:49:23,402 | INFO | [013] train(score=0.9585, lambda_path=1.00) cls=0.2623 path_bce=0.2691 udist=0.1817 rank=0.6312 u=0.0000 cons=0.0006 coll0=0.0910 under=0.0390 tailm=0.0217 acc=0.884 | val(score=0.9115, lambda_path=1.00) acc=0.884
2025-12-15 14:49:39,018 | INFO | [014] train(score=0.9440, lambda_path=1.00) cls=0.2595 path_bce=0.2646 udist=0.1782 rank=0.6286 u=0.0000 cons=0.0006 coll0=0.0871 under=0.0371 tailm=0.0203 acc=0.886 | val(score=0.9460, lambda_path=1.00) acc=0.877
2025-12-15 14:49:55,356 | INFO | [015] train(score=0.9296, lambda_path=1.00) cls=0.2542 path_bce=0.2608 udist=0.1753 rank=0.6265 u=0.0000 cons=0.0006 coll0=0.0835 under=0.0359 tailm=0.0193 acc=0.888 | val(score=0.8785, lambda_path=1.00) acc=0.880
2025-12-15 14:49:56,677 | INFO | [zero] all : GT==0=0.852 | Pred<0.01=0.756
2025-12-15 14:49:56,678 | INFO | [zero] free: GT==0=0.827 | Pred<0.01=0.737
2025-12-15 14:49:56,678 | INFO | [zero] coll: GT==0=1.000 | Pred<0.01=0.863
2025-12-15 14:49:56,678 | INFO | [nz-det] free, thr=0.050: precision=0.772 recall=0.981 (tp=112506, fp=33178, fn=2184)
2025-12-15 14:49:56,679 | INFO | [hist] bins: [(0.05000000074505806, 0.10000000149011612), (0.10000000149011612, 0.30000001192092896), (0.30000001192092896, 0.5), (0.5, 0.6000000238418579), (0.6000000238418579, 0.699999988079071), (0.699999988079071, 0.800000011920929), (0.800000011920929, 0.8999999761581421), (0.8999999761581421, 1.0000009536743164)]
2025-12-15 14:49:56,679 | INFO | [hist] GT  : ['0.039', '0.185', '0.211', '0.111', '0.112', '0.114', '0.114', '0.114']
2025-12-15 14:49:56,679 | INFO | [hist] Pred: ['0.031', '0.078', '0.126', '0.087', '0.132', '0.277', '0.268', '0.000']
2025-12-15 14:49:56,679 | INFO | [tail@0.90] mass: GT=0.114 | Pred=0.000
2025-12-15 14:49:56,679 | INFO | [tail@0.90] mean_on_GTtail: GT=0.951 | Pred=0.810
2025-12-15 14:49:56,718 | INFO |   -> saved ckpts/train_20251215-144528/best.pt (best_val_score=0.878481)
2025-12-15 14:50:12,543 | INFO | [016] train(score=0.9141, lambda_path=1.00) cls=0.2502 path_bce=0.2564 udist=0.1715 rank=0.6234 u=0.0000 cons=0.0006 coll0=0.0810 under=0.0341 tailm=0.0181 acc=0.890 | val(score=0.8932, lambda_path=1.00) acc=0.870
2025-12-15 14:50:28,052 | INFO | [017] train(score=0.9054, lambda_path=1.00) cls=0.2493 path_bce=0.2540 udist=0.1683 rank=0.6211 u=0.0000 cons=0.0006 coll0=0.0790 under=0.0331 tailm=0.0171 acc=0.891 | val(score=0.8695, lambda_path=1.00) acc=0.885
2025-12-15 14:50:28,070 | INFO |   -> saved ckpts/train_20251215-144528/best.pt (best_val_score=0.869497)
2025-12-15 14:50:44,080 | INFO | [018] train(score=0.8943, lambda_path=1.00) cls=0.2457 path_bce=0.2518 udist=0.1654 rank=0.6187 u=0.0000 cons=0.0006 coll0=0.0770 under=0.0319 tailm=0.0161 acc=0.892 | val(score=0.8550, lambda_path=1.00) acc=0.885
2025-12-15 14:50:44,098 | INFO |   -> saved ckpts/train_20251215-144528/best.pt (best_val_score=0.854981)
2025-12-15 14:50:59,734 | INFO | [019] train(score=0.8885, lambda_path=1.00) cls=0.2446 path_bce=0.2507 udist=0.1633 rank=0.6169 u=0.0000 cons=0.0006 coll0=0.0759 under=0.0312 tailm=0.0156 acc=0.892 | val(score=0.8433, lambda_path=1.00) acc=0.887
2025-12-15 14:50:59,762 | INFO |   -> saved ckpts/train_20251215-144528/best.pt (best_val_score=0.843348)
2025-12-15 14:51:15,664 | INFO | [020] train(score=0.8793, lambda_path=1.00) cls=0.2391 path_bce=0.2499 udist=0.1617 rank=0.6155 u=0.0000 cons=0.0006 coll0=0.0745 under=0.0306 tailm=0.0151 acc=0.895 | val(score=0.8405, lambda_path=1.00) acc=0.885
2025-12-15 14:51:17,059 | INFO | [zero] all : GT==0=0.852 | Pred<0.01=0.779
2025-12-15 14:51:17,059 | INFO | [zero] free: GT==0=0.827 | Pred<0.01=0.761
2025-12-15 14:51:17,059 | INFO | [zero] coll: GT==0=1.000 | Pred<0.01=0.884
2025-12-15 14:51:17,059 | INFO | [nz-det] free, thr=0.050: precision=0.834 recall=0.979 (tp=112269, fp=22402, fn=2421)
2025-12-15 14:51:17,060 | INFO | [hist] bins: [(0.05000000074505806, 0.10000000149011612), (0.10000000149011612, 0.30000001192092896), (0.30000001192092896, 0.5), (0.5, 0.6000000238418579), (0.6000000238418579, 0.699999988079071), (0.699999988079071, 0.800000011920929), (0.800000011920929, 0.8999999761581421), (0.8999999761581421, 1.0000009536743164)]
2025-12-15 14:51:17,060 | INFO | [hist] GT  : ['0.039', '0.185', '0.211', '0.111', '0.112', '0.114', '0.114', '0.114']
2025-12-15 14:51:17,060 | INFO | [hist] Pred: ['0.035', '0.110', '0.135', '0.080', '0.109', '0.187', '0.330', '0.013']
2025-12-15 14:51:17,060 | INFO | [tail@0.90] mass: GT=0.114 | Pred=0.013
2025-12-15 14:51:17,060 | INFO | [tail@0.90] mean_on_GTtail: GT=0.951 | Pred=0.838
2025-12-15 14:51:17,099 | INFO |   -> saved ckpts/train_20251215-144528/best.pt (best_val_score=0.840478)
2025-12-15 14:51:33,425 | INFO | [021] train(score=0.8725, lambda_path=1.00) cls=0.2367 path_bce=0.2488 udist=0.1596 rank=0.6141 u=0.0000 cons=0.0006 coll0=0.0738 under=0.0299 tailm=0.0146 acc=0.896 | val(score=0.8381, lambda_path=1.00) acc=0.884
2025-12-15 14:51:33,450 | INFO |   -> saved ckpts/train_20251215-144528/best.pt (best_val_score=0.838100)
2025-12-15 14:51:50,081 | INFO | [022] train(score=0.8671, lambda_path=1.00) cls=0.2352 path_bce=0.2478 udist=0.1580 rank=0.6128 u=0.0000 cons=0.0006 coll0=0.0736 under=0.0292 tailm=0.0141 acc=0.897 | val(score=0.8310, lambda_path=1.00) acc=0.890
2025-12-15 14:51:50,100 | INFO |   -> saved ckpts/train_20251215-144528/best.pt (best_val_score=0.830959)
2025-12-15 14:52:06,479 | INFO | [023] train(score=0.8617, lambda_path=1.00) cls=0.2320 path_bce=0.2475 udist=0.1570 rank=0.6120 u=0.0000 cons=0.0006 coll0=0.0723 under=0.0287 tailm=0.0138 acc=0.898 | val(score=0.8551, lambda_path=1.00) acc=0.887
2025-12-15 14:52:23,106 | INFO | [024] train(score=0.8573, lambda_path=1.00) cls=0.2316 path_bce=0.2464 udist=0.1552 rank=0.6106 u=0.0000 cons=0.0006 coll0=0.0712 under=0.0281 tailm=0.0133 acc=0.898 | val(score=0.8391, lambda_path=1.00) acc=0.886
2025-12-15 14:52:39,108 | INFO | [025] train(score=0.8516, lambda_path=1.00) cls=0.2279 path_bce=0.2458 udist=0.1544 rank=0.6101 u=0.0000 cons=0.0006 coll0=0.0709 under=0.0278 tailm=0.0130 acc=0.900 | val(score=0.8262, lambda_path=1.00) acc=0.885
2025-12-15 14:52:40,528 | INFO | [zero] all : GT==0=0.852 | Pred<0.01=0.779
2025-12-15 14:52:40,528 | INFO | [zero] free: GT==0=0.827 | Pred<0.01=0.760
2025-12-15 14:52:40,528 | INFO | [zero] coll: GT==0=1.000 | Pred<0.01=0.890
2025-12-15 14:52:40,528 | INFO | [nz-det] free, thr=0.050: precision=0.838 recall=0.982 (tp=112662, fp=21853, fn=2028)
2025-12-15 14:52:40,529 | INFO | [hist] bins: [(0.05000000074505806, 0.10000000149011612), (0.10000000149011612, 0.30000001192092896), (0.30000001192092896, 0.5), (0.5, 0.6000000238418579), (0.6000000238418579, 0.699999988079071), (0.699999988079071, 0.800000011920929), (0.800000011920929, 0.8999999761581421), (0.8999999761581421, 1.0000009536743164)]
2025-12-15 14:52:40,529 | INFO | [hist] GT  : ['0.039', '0.185', '0.211', '0.111', '0.112', '0.114', '0.114', '0.114']
2025-12-15 14:52:40,529 | INFO | [hist] Pred: ['0.031', '0.119', '0.144', '0.083', '0.108', '0.191', '0.316', '0.008']
2025-12-15 14:52:40,530 | INFO | [tail@0.90] mass: GT=0.114 | Pred=0.008
2025-12-15 14:52:40,530 | INFO | [tail@0.90] mean_on_GTtail: GT=0.951 | Pred=0.835
2025-12-15 14:52:40,568 | INFO |   -> saved ckpts/train_20251215-144528/best.pt (best_val_score=0.826155)
2025-12-15 14:52:56,267 | INFO | [026] train(score=0.8486, lambda_path=1.00) cls=0.2281 path_bce=0.2450 udist=0.1529 rank=0.6091 u=0.0000 cons=0.0006 coll0=0.0707 under=0.0273 tailm=0.0127 acc=0.901 | val(score=0.8297, lambda_path=1.00) acc=0.887
2025-12-15 14:53:12,827 | INFO | [027] train(score=0.8425, lambda_path=1.00) cls=0.2242 path_bce=0.2445 udist=0.1519 rank=0.6083 u=0.0000 cons=0.0007 coll0=0.0698 under=0.0269 tailm=0.0125 acc=0.902 | val(score=0.8341, lambda_path=1.00) acc=0.889
2025-12-15 14:53:28,577 | INFO | [028] train(score=0.8402, lambda_path=1.00) cls=0.2239 path_bce=0.2441 udist=0.1511 rank=0.6076 u=0.0000 cons=0.0006 coll0=0.0692 under=0.0266 tailm=0.0122 acc=0.902 | val(score=0.8258, lambda_path=1.00) acc=0.889
2025-12-15 14:53:28,611 | INFO |   -> saved ckpts/train_20251215-144528/best.pt (best_val_score=0.825833)
2025-12-15 14:53:44,308 | INFO | [029] train(score=0.8357, lambda_path=1.00) cls=0.2209 path_bce=0.2438 udist=0.1505 rank=0.6069 u=0.0000 cons=0.0006 coll0=0.0689 under=0.0263 tailm=0.0120 acc=0.904 | val(score=0.8211, lambda_path=1.00) acc=0.890
2025-12-15 14:53:44,326 | INFO |   -> saved ckpts/train_20251215-144528/best.pt (best_val_score=0.821138)
2025-12-15 14:54:00,668 | INFO | [030] train(score=0.8315, lambda_path=1.00) cls=0.2199 path_bce=0.2429 udist=0.1489 rank=0.6062 u=0.0000 cons=0.0006 coll0=0.0681 under=0.0259 tailm=0.0117 acc=0.904 | val(score=0.8287, lambda_path=1.00) acc=0.889
2025-12-15 14:54:02,073 | INFO | [zero] all : GT==0=0.852 | Pred<0.01=0.757
2025-12-15 14:54:02,073 | INFO | [zero] free: GT==0=0.827 | Pred<0.01=0.738
2025-12-15 14:54:02,073 | INFO | [zero] coll: GT==0=1.000 | Pred<0.01=0.871
2025-12-15 14:54:02,073 | INFO | [nz-det] free, thr=0.050: precision=0.800 recall=0.983 (tp=112711, fp=28192, fn=1979)
2025-12-15 14:54:02,074 | INFO | [hist] bins: [(0.05000000074505806, 0.10000000149011612), (0.10000000149011612, 0.30000001192092896), (0.30000001192092896, 0.5), (0.5, 0.6000000238418579), (0.6000000238418579, 0.699999988079071), (0.699999988079071, 0.800000011920929), (0.800000011920929, 0.8999999761581421), (0.8999999761581421, 1.0000009536743164)]
2025-12-15 14:54:02,074 | INFO | [hist] GT  : ['0.039', '0.185', '0.211', '0.111', '0.112', '0.114', '0.114', '0.114']
2025-12-15 14:54:02,074 | INFO | [hist] Pred: ['0.030', '0.117', '0.144', '0.080', '0.103', '0.180', '0.328', '0.016']
2025-12-15 14:54:02,074 | INFO | [tail@0.90] mass: GT=0.114 | Pred=0.016
2025-12-15 14:54:02,074 | INFO | [tail@0.90] mean_on_GTtail: GT=0.951 | Pred=0.842
2025-12-15 14:54:18,849 | INFO | [031] train(score=0.8306, lambda_path=1.00) cls=0.2199 path_bce=0.2429 udist=0.1485 rank=0.6057 u=0.0000 cons=0.0006 coll0=0.0677 under=0.0258 tailm=0.0116 acc=0.904 | val(score=0.8233, lambda_path=1.00) acc=0.885
2025-12-15 14:54:34,951 | INFO | [032] train(score=0.8238, lambda_path=1.00) cls=0.2157 path_bce=0.2421 udist=0.1473 rank=0.6050 u=0.0000 cons=0.0006 coll0=0.0668 under=0.0255 tailm=0.0113 acc=0.906 | val(score=0.8190, lambda_path=1.00) acc=0.883
2025-12-15 14:54:34,969 | INFO |   -> saved ckpts/train_20251215-144528/best.pt (best_val_score=0.818955)
2025-12-15 14:54:50,593 | INFO | [033] train(score=0.8230, lambda_path=1.00) cls=0.2156 path_bce=0.2422 udist=0.1469 rank=0.6046 u=0.0000 cons=0.0007 coll0=0.0671 under=0.0251 tailm=0.0111 acc=0.906 | val(score=0.8216, lambda_path=1.00) acc=0.884
2025-12-15 14:55:06,405 | INFO | [034] train(score=0.8201, lambda_path=1.00) cls=0.2155 path_bce=0.2414 udist=0.1457 rank=0.6038 u=0.0000 cons=0.0007 coll0=0.0665 under=0.0248 tailm=0.0109 acc=0.907 | val(score=0.8330, lambda_path=1.00) acc=0.879
2025-12-15 14:55:22,877 | INFO | [035] train(score=0.8162, lambda_path=1.00) cls=0.2133 path_bce=0.2409 udist=0.1450 rank=0.6033 u=0.0000 cons=0.0007 coll0=0.0662 under=0.0243 tailm=0.0107 acc=0.907 | val(score=0.8084, lambda_path=1.00) acc=0.889
2025-12-15 14:55:24,242 | INFO | [zero] all : GT==0=0.852 | Pred<0.01=0.783
2025-12-15 14:55:24,243 | INFO | [zero] free: GT==0=0.827 | Pred<0.01=0.764
2025-12-15 14:55:24,243 | INFO | [zero] coll: GT==0=1.000 | Pred<0.01=0.892
2025-12-15 14:55:24,243 | INFO | [nz-det] free, thr=0.050: precision=0.843 recall=0.982 (tp=112601, fp=20974, fn=2089)
2025-12-15 14:55:24,244 | INFO | [hist] bins: [(0.05000000074505806, 0.10000000149011612), (0.10000000149011612, 0.30000001192092896), (0.30000001192092896, 0.5), (0.5, 0.6000000238418579), (0.6000000238418579, 0.699999988079071), (0.699999988079071, 0.800000011920929), (0.800000011920929, 0.8999999761581421), (0.8999999761581421, 1.0000009536743164)]
2025-12-15 14:55:24,244 | INFO | [hist] GT  : ['0.039', '0.185', '0.211', '0.111', '0.112', '0.114', '0.114', '0.114']
2025-12-15 14:55:24,244 | INFO | [hist] Pred: ['0.033', '0.131', '0.149', '0.078', '0.097', '0.167', '0.324', '0.022']
2025-12-15 14:55:24,244 | INFO | [tail@0.90] mass: GT=0.114 | Pred=0.022
2025-12-15 14:55:24,244 | INFO | [tail@0.90] mean_on_GTtail: GT=0.951 | Pred=0.849
2025-12-15 14:55:24,284 | INFO |   -> saved ckpts/train_20251215-144528/best.pt (best_val_score=0.808447)
2025-12-15 14:55:40,559 | INFO | [036] train(score=0.8148, lambda_path=1.00) cls=0.2136 path_bce=0.2405 udist=0.1441 rank=0.6029 u=0.0000 cons=0.0006 coll0=0.0656 under=0.0242 tailm=0.0105 acc=0.907 | val(score=0.8144, lambda_path=1.00) acc=0.889
2025-12-15 14:55:56,043 | INFO | [037] train(score=0.8106, lambda_path=1.00) cls=0.2112 path_bce=0.2402 udist=0.1433 rank=0.6021 u=0.0000 cons=0.0007 coll0=0.0653 under=0.0239 tailm=0.0104 acc=0.908 | val(score=0.8195, lambda_path=1.00) acc=0.889
2025-12-15 14:56:12,409 | INFO | [038] train(score=0.8084, lambda_path=1.00) cls=0.2100 path_bce=0.2399 udist=0.1428 rank=0.6017 u=0.0000 cons=0.0007 coll0=0.0651 under=0.0237 tailm=0.0102 acc=0.909 | val(score=0.8133, lambda_path=1.00) acc=0.884
2025-12-15 14:56:28,068 | INFO | [039] train(score=0.8073, lambda_path=1.00) cls=0.2100 path_bce=0.2397 udist=0.1423 rank=0.6013 u=0.0000 cons=0.0007 coll0=0.0648 under=0.0236 tailm=0.0102 acc=0.909 | val(score=0.8196, lambda_path=1.00) acc=0.889
2025-12-15 14:56:43,676 | INFO | [040] train(score=0.8021, lambda_path=1.00) cls=0.2066 path_bce=0.2393 udist=0.1414 rank=0.6008 u=0.0000 cons=0.0007 coll0=0.0640 under=0.0233 tailm=0.0100 acc=0.910 | val(score=0.8037, lambda_path=1.00) acc=0.888
2025-12-15 14:56:45,026 | INFO | [zero] all : GT==0=0.852 | Pred<0.01=0.783
2025-12-15 14:56:45,026 | INFO | [zero] free: GT==0=0.827 | Pred<0.01=0.766
2025-12-15 14:56:45,026 | INFO | [zero] coll: GT==0=1.000 | Pred<0.01=0.885
2025-12-15 14:56:45,026 | INFO | [nz-det] free, thr=0.050: precision=0.850 recall=0.982 (tp=112577, fp=19789, fn=2113)
2025-12-15 14:56:45,027 | INFO | [hist] bins: [(0.05000000074505806, 0.10000000149011612), (0.10000000149011612, 0.30000001192092896), (0.30000001192092896, 0.5), (0.5, 0.6000000238418579), (0.6000000238418579, 0.699999988079071), (0.699999988079071, 0.800000011920929), (0.800000011920929, 0.8999999761581421), (0.8999999761581421, 1.0000009536743164)]
2025-12-15 14:56:45,027 | INFO | [hist] GT  : ['0.039', '0.185', '0.211', '0.111', '0.112', '0.114', '0.114', '0.114']
2025-12-15 14:56:45,027 | INFO | [hist] Pred: ['0.035', '0.147', '0.153', '0.078', '0.096', '0.161', '0.305', '0.025']
2025-12-15 14:56:45,027 | INFO | [tail@0.90] mass: GT=0.114 | Pred=0.025
2025-12-15 14:56:45,027 | INFO | [tail@0.90] mean_on_GTtail: GT=0.951 | Pred=0.849
2025-12-15 14:56:45,067 | INFO |   -> saved ckpts/train_20251215-144528/best.pt (best_val_score=0.803748)
2025-12-15 14:57:01,257 | INFO | [041] train(score=0.8002, lambda_path=1.00) cls=0.2058 path_bce=0.2390 udist=0.1409 rank=0.6006 u=0.0000 cons=0.0007 coll0=0.0641 under=0.0232 tailm=0.0099 acc=0.911 | val(score=0.8042, lambda_path=1.00) acc=0.895
2025-12-15 14:57:17,289 | INFO | [042] train(score=0.7977, lambda_path=1.00) cls=0.2050 path_bce=0.2386 udist=0.1402 rank=0.5998 u=0.0000 cons=0.0007 coll0=0.0636 under=0.0229 tailm=0.0096 acc=0.911 | val(score=0.8287, lambda_path=1.00) acc=0.889
2025-12-15 14:57:33,008 | INFO | [043] train(score=0.7969, lambda_path=1.00) cls=0.2060 path_bce=0.2381 udist=0.1393 rank=0.5996 u=0.0000 cons=0.0007 coll0=0.0632 under=0.0225 tailm=0.0095 acc=0.911 | val(score=0.8057, lambda_path=1.00) acc=0.887
2025-12-15 14:57:48,615 | INFO | [044] train(score=0.7949, lambda_path=1.00) cls=0.2042 path_bce=0.2382 udist=0.1391 rank=0.5993 u=0.0000 cons=0.0007 coll0=0.0629 under=0.0226 tailm=0.0094 acc=0.911 | val(score=0.8028, lambda_path=1.00) acc=0.889
2025-12-15 14:57:48,643 | INFO |   -> saved ckpts/train_20251215-144528/best.pt (best_val_score=0.802762)
2025-12-15 14:58:04,253 | INFO | [045] train(score=0.7905, lambda_path=1.00) cls=0.2019 path_bce=0.2377 udist=0.1382 rank=0.5988 u=0.0000 cons=0.0007 coll0=0.0623 under=0.0222 tailm=0.0092 acc=0.912 | val(score=0.7997, lambda_path=1.00) acc=0.890
2025-12-15 14:58:05,703 | INFO | [zero] all : GT==0=0.852 | Pred<0.01=0.776
2025-12-15 14:58:05,703 | INFO | [zero] free: GT==0=0.827 | Pred<0.01=0.758
2025-12-15 14:58:05,703 | INFO | [zero] coll: GT==0=1.000 | Pred<0.01=0.885
2025-12-15 14:58:05,703 | INFO | [nz-det] free, thr=0.050: precision=0.838 recall=0.985 (tp=112998, fp=21817, fn=1692)
2025-12-15 14:58:05,704 | INFO | [hist] bins: [(0.05000000074505806, 0.10000000149011612), (0.10000000149011612, 0.30000001192092896), (0.30000001192092896, 0.5), (0.5, 0.6000000238418579), (0.6000000238418579, 0.699999988079071), (0.699999988079071, 0.800000011920929), (0.800000011920929, 0.8999999761581421), (0.8999999761581421, 1.0000009536743164)]
2025-12-15 14:58:05,704 | INFO | [hist] GT  : ['0.039', '0.185', '0.211', '0.111', '0.112', '0.114', '0.114', '0.114']
2025-12-15 14:58:05,704 | INFO | [hist] Pred: ['0.028', '0.147', '0.158', '0.079', '0.098', '0.162', '0.309', '0.020']
2025-12-15 14:58:05,704 | INFO | [tail@0.90] mass: GT=0.114 | Pred=0.020
2025-12-15 14:58:05,704 | INFO | [tail@0.90] mean_on_GTtail: GT=0.951 | Pred=0.846
2025-12-15 14:58:05,734 | INFO |   -> saved ckpts/train_20251215-144528/best.pt (best_val_score=0.799723)
2025-12-15 14:58:21,812 | INFO | [046] train(score=0.7891, lambda_path=1.00) cls=0.2008 path_bce=0.2377 udist=0.1380 rank=0.5985 u=0.0000 cons=0.0007 coll0=0.0623 under=0.0223 tailm=0.0092 acc=0.913 | val(score=0.7970, lambda_path=1.00) acc=0.892
2025-12-15 14:58:21,830 | INFO |   -> saved ckpts/train_20251215-144528/best.pt (best_val_score=0.797008)
2025-12-15 14:58:37,655 | INFO | [047] train(score=0.7871, lambda_path=1.00) cls=0.2013 path_bce=0.2371 udist=0.1369 rank=0.5978 u=0.0000 cons=0.0007 coll0=0.0618 under=0.0217 tailm=0.0090 acc=0.913 | val(score=0.8119, lambda_path=1.00) acc=0.892
2025-12-15 14:58:53,636 | INFO | [048] train(score=0.7857, lambda_path=1.00) cls=0.2002 path_bce=0.2371 udist=0.1365 rank=0.5977 u=0.0000 cons=0.0007 coll0=0.0625 under=0.0217 tailm=0.0089 acc=0.913 | val(score=0.8030, lambda_path=1.00) acc=0.888
2025-12-15 14:59:08,817 | INFO | [049] train(score=0.7861, lambda_path=1.00) cls=0.2000 path_bce=0.2373 udist=0.1369 rank=0.5976 u=0.0000 cons=0.0007 coll0=0.0624 under=0.0218 tailm=0.0089 acc=0.914 | val(score=0.8202, lambda_path=1.00) acc=0.891
2025-12-15 14:59:08,818 | INFO | done.
